eeschema (2012-01-19 BZR 3256)-stable  >> Creation date: 3/30/2012 6:12:25 AM

#Cmp ( order = Reference )
| C1         22PF        
| C2         22PF        
| C3         1uF         
| C4         .1uF        
| C5         .01uF (opt) 
| C6         .1uF        
| C7         1uF         
| C8         .1uF        
| C9         .1uF        
| C10        .1uF        
| C11        .1uF        
| C12        4.7nF       
| C13        10uF        
| C14        .1uF        
| D1         LED         
| D2         LED         
| D3         LED         
| D4         LED         
| D5         LED         
| D6         LED         
| D7         LED         
| D8         LED         
| D9         LED         
| D10        LED         
| D11        LED         
| D12        LED         
| D13        LED         
| D14        LED         
| D15        LED         
| D16        LED         
| D17        LED         
| D18        LED         
| D19        LED         
| D20        LED         
| D21        LED         
| D22        LED         
| D23        LED         
| D24        LED         
| D25        LED         
| D26        LED         
| D27        LED         
| D28        LED         
| D29        LED         
| D30        LED         
| D31        LED         
| D32        LED         
| D35        LED         
| D36        LED         
| D37        LED         
| D38        LED         
| D39        LED         
| D40        LED         
| D41        LED         
| J1         USB2        
| J3         aux         
| K1         CAP_KEP     
| K2         CAP_KEP     
| K3         CAP_KEP     
| K4         CAP_KEP     
| K5         CAP_KEP     
| K6         CAP_KEP     
| K7         CAP_KEP     
| K8         CAP_KEP     
| K9         CAP_KEP     
| K10        CAP_KEP     
| K11        CAP_KEP     
| K12        CAP_KEP     
| K13        CAP_KEP     
| K14        CAP_KEP     
| K15        CAP_KEP     
| L1         10uH        
| P1         CONN_8      
| R1         10K         
| R2         10K         
| R3         270         
| R4         470K        
| R5         1K          
| R6         1K          
| R7         22          
| R8         22          
| R9         vdivR2      
| R10        vdivR1      
| R11        270         
| R12        270         
| R13        270         
| R14        1K          
| R15        1K          
| R16        1K          
| R17        1K          
| R18        1K          
| R19        1K          
| R20        1K          
| R21        270         
| R22        270         
| R23        270         
| R24        270         
| R28        3.3K        
| R29        3.3K        
| R30        3.3K        
| R31        3.3K        
| R32        3.3K        
| R33        3.3K        
| R34        3.3K        
| R35        3.3K        
| R36        3.3K        
| R37        3.3K        
| R38        3.3K        
| R39        3.3K        
| R40        3.3K        
| R41        3.3K        
| R43        1K          
| R63        360         
| SW1        reset       
| SW2        boot        
| U1         IP4221CZ6-S_USB_ESD
| U2         SP6201EM5-L 
| U3         AT90USB162  
| U4         MC74HC595A  
| U5         MC74HC595A  
| X1         8MHz        
#End Cmp

#Cmp ( order = Value )
| .01uF (opt)  C5        
| .1uF         C4        
| .1uF         C6        
| .1uF         C8        
| .1uF         C9        
| .1uF         C10       
| .1uF         C11       
| .1uF         C14       
| 10K          R1        
| 10K          R2        
| 10uF         C13       
| 10uH         L1        
| 1K           R5        
| 1K           R6        
| 1K           R14       
| 1K           R15       
| 1K           R16       
| 1K           R17       
| 1K           R18       
| 1K           R19       
| 1K           R20       
| 1K           R43       
| 1uF          C3        
| 1uF          C7        
| 22           R7        
| 22           R8        
| 22PF         C1        
| 22PF         C2        
| 270          R3        
| 270          R11       
| 270          R12       
| 270          R13       
| 270          R21       
| 270          R22       
| 270          R23       
| 270          R24       
| 3.3K         R28       
| 3.3K         R29       
| 3.3K         R30       
| 3.3K         R31       
| 3.3K         R32       
| 3.3K         R33       
| 3.3K         R34       
| 3.3K         R35       
| 3.3K         R36       
| 3.3K         R37       
| 3.3K         R38       
| 3.3K         R39       
| 3.3K         R40       
| 3.3K         R41       
| 360          R63       
| 4.7nF        C12       
| 470K         R4        
| 8MHz         X1        
| AT90USB162   U3        
| aux          J3        
| boot         SW2       
| CAP_KEP      K1        
| CAP_KEP      K2        
| CAP_KEP      K3        
| CAP_KEP      K4        
| CAP_KEP      K5        
| CAP_KEP      K6        
| CAP_KEP      K7        
| CAP_KEP      K8        
| CAP_KEP      K9        
| CAP_KEP      K10       
| CAP_KEP      K11       
| CAP_KEP      K12       
| CAP_KEP      K13       
| CAP_KEP      K14       
| CAP_KEP      K15       
| CONN_8       P1        
| IP4221CZ6-S_USB_ESD U1        
| LED          D1        
| LED          D2        
| LED          D3        
| LED          D4        
| LED          D5        
| LED          D6        
| LED          D7        
| LED          D8        
| LED          D9        
| LED          D10       
| LED          D11       
| LED          D12       
| LED          D13       
| LED          D14       
| LED          D15       
| LED          D16       
| LED          D17       
| LED          D18       
| LED          D19       
| LED          D20       
| LED          D21       
| LED          D22       
| LED          D23       
| LED          D24       
| LED          D25       
| LED          D26       
| LED          D27       
| LED          D28       
| LED          D29       
| LED          D30       
| LED          D31       
| LED          D32       
| LED          D35       
| LED          D36       
| LED          D37       
| LED          D38       
| LED          D39       
| LED          D40       
| LED          D41       
| MC74HC595A   U4        
| MC74HC595A   U5        
| reset        SW1       
| SP6201EM5-L  U2        
| USB2         J1        
| vdivR1       R10       
| vdivR2       R9        
#End Cmp

#End List
